// Jest Snapshot v1, https://goo.gl/fbAQLP

exports[`PatientListContent Component renders the component without crashing 1`] = `
<div>
  <div
    class="patient-list-content"
  >
    <span>
      9/6/2022
    </span>
    <div
      class="content-info"
    >
      <span>
        Drug A
      </span>
      <div
        class="notes"
      >
        <div
          class="cds--form-item patient-list-text-area"
        >
          <div
            class="cds--text-area__label-wrapper"
          >
            <label
              class="cds--label"
              dir="auto"
            >
              <div
                class="titleText"
              >
                <span>
                  Note 
                </span>
                <span
                  class="required"
                >
                  *
                </span>
              </div>
            </label>
          </div>
          <div
            class="cds--text-area__wrapper"
          >
            <textarea
              aria-invalid="false"
              class="cds--text-area"
              placeholder="Enter Notes"
              required=""
              rows="1"
              style="width: 100%;"
            />
            <span
              aria-atomic="true"
              aria-live="assertive"
              class="cds--text-area__counter-alert"
              role="alert"
            />
          </div>
        </div>
        <button
          class="patient-list-button cds--btn cds--btn--primary cds--btn--disabled"
          disabled=""
          type="button"
        >
          Acknowledge
        </button>
      </div>
    </div>
  </div>
</div>
`;
